// Jest Snapshot v1, https://goo.gl/fbAQLP

exports[`<DashboardScreen /> renders correctly 1`] = `
<View
  style={
    [
      {
        "display": "flex",
      },
      {
        "alignItems": "center",
      },
      {
        "marginTop": 24,
      },
    ]
  }
>
  <View
    style={
      [
        {
          "display": "flex",
        },
        {
          "alignItems": "center",
        },
        {
          "marginTop": 24,
        },
        {
          "paddingBottom": 12,
          "paddingLeft": 12,
          "paddingRight": 12,
          "paddingTop": 12,
        },
        {
          "width": "100%",
        },
      ]
    }
  >
    <View
      accessibilityState={
        {
          "busy": undefined,
          "checked": undefined,
          "disabled": undefined,
          "expanded": undefined,
          "selected": undefined,
        }
      }
      accessibilityValue={
        {
          "max": undefined,
          "min": undefined,
          "now": undefined,
          "text": undefined,
        }
      }
      accessible={true}
      collapsable={false}
      focusable={true}
      onClick={[Function]}
      onResponderGrant={[Function]}
      onResponderMove={[Function]}
      onResponderRelease={[Function]}
      onResponderTerminate={[Function]}
      onResponderTerminationRequest={[Function]}
      onStartShouldSetResponder={[Function]}
      style={
        {
          "alignItems": "center",
          "backgroundColor": "#f43f5e",
          "borderBottomColor": "#be123c",
          "borderBottomLeftRadius": 8,
          "borderBottomRightRadius": 8,
          "borderBottomWidth": 2,
          "borderLeftColor": "#be123c",
          "borderLeftWidth": 2,
          "borderRightColor": "#be123c",
          "borderRightWidth": 2,
          "borderTopColor": "#be123c",
          "borderTopLeftRadius": 8,
          "borderTopRightRadius": 8,
          "borderTopWidth": 2,
          "display": "flex",
          "opacity": 1,
          "paddingBottom": 12,
          "paddingLeft": 12,
          "paddingRight": 12,
          "paddingTop": 12,
          "width": "50%",
        }
      }
    >
      <Text
        style={
          [
            {
              "fontWeight": "700",
            },
            {
              "fontSize": 18,
              "lineHeight": 28,
            },
            {
              "color": "#fff",
            },
            {
              "textAlign": "center",
            },
            {
              "color": "#fff",
            },
          ]
        }
      >
        Roulette
      </Text>
    </View>
  </View>
  <View
    style={
      [
        {
          "display": "flex",
        },
        {
          "alignItems": "center",
        },
        {
          "marginTop": 24,
        },
        {
          "paddingBottom": 12,
          "paddingLeft": 12,
          "paddingRight": 12,
          "paddingTop": 12,
        },
        {
          "width": "100%",
        },
      ]
    }
  >
    <View
      accessibilityState={
        {
          "busy": undefined,
          "checked": undefined,
          "disabled": undefined,
          "expanded": undefined,
          "selected": undefined,
        }
      }
      accessibilityValue={
        {
          "max": undefined,
          "min": undefined,
          "now": undefined,
          "text": undefined,
        }
      }
      accessible={true}
      collapsable={false}
      focusable={true}
      onClick={[Function]}
      onResponderGrant={[Function]}
      onResponderMove={[Function]}
      onResponderRelease={[Function]}
      onResponderTerminate={[Function]}
      onResponderTerminationRequest={[Function]}
      onStartShouldSetResponder={[Function]}
      style={
        {
          "alignItems": "center",
          "backgroundColor": "#f43f5e",
          "borderBottomColor": "#be123c",
          "borderBottomLeftRadius": 8,
          "borderBottomRightRadius": 8,
          "borderBottomWidth": 2,
          "borderLeftColor": "#be123c",
          "borderLeftWidth": 2,
          "borderRightColor": "#be123c",
          "borderRightWidth": 2,
          "borderTopColor": "#be123c",
          "borderTopLeftRadius": 8,
          "borderTopRightRadius": 8,
          "borderTopWidth": 2,
          "display": "flex",
          "opacity": 1,
          "paddingBottom": 12,
          "paddingLeft": 12,
          "paddingRight": 12,
          "paddingTop": 12,
          "width": "50%",
        }
      }
    >
      <Text
        style={
          [
            {
              "fontWeight": "700",
            },
            {
              "fontSize": 18,
              "lineHeight": 28,
            },
            {
              "color": "#fff",
            },
            {
              "textAlign": "center",
            },
            {
              "color": "#fff",
            },
          ]
        }
      >
        Slots
      </Text>
    </View>
  </View>
  <View
    style={
      [
        {
          "display": "flex",
        },
        {
          "alignItems": "center",
        },
        {
          "marginTop": 24,
        },
        {
          "paddingBottom": 12,
          "paddingLeft": 12,
          "paddingRight": 12,
          "paddingTop": 12,
        },
        {
          "width": "100%",
        },
      ]
    }
  >
    <View
      accessibilityState={
        {
          "busy": undefined,
          "checked": undefined,
          "disabled": undefined,
          "expanded": undefined,
          "selected": undefined,
        }
      }
      accessibilityValue={
        {
          "max": undefined,
          "min": undefined,
          "now": undefined,
          "text": undefined,
        }
      }
      accessible={true}
      collapsable={false}
      focusable={true}
      onClick={[Function]}
      onResponderGrant={[Function]}
      onResponderMove={[Function]}
      onResponderRelease={[Function]}
      onResponderTerminate={[Function]}
      onResponderTerminationRequest={[Function]}
      onStartShouldSetResponder={[Function]}
      style={
        {
          "alignItems": "center",
          "backgroundColor": "#f43f5e",
          "borderBottomColor": "#be123c",
          "borderBottomLeftRadius": 8,
          "borderBottomRightRadius": 8,
          "borderBottomWidth": 2,
          "borderLeftColor": "#be123c",
          "borderLeftWidth": 2,
          "borderRightColor": "#be123c",
          "borderRightWidth": 2,
          "borderTopColor": "#be123c",
          "borderTopLeftRadius": 8,
          "borderTopRightRadius": 8,
          "borderTopWidth": 2,
          "display": "flex",
          "opacity": 1,
          "paddingBottom": 12,
          "paddingLeft": 12,
          "paddingRight": 12,
          "paddingTop": 12,
          "width": "50%",
        }
      }
    >
      <Text
        style={
          [
            {
              "fontWeight": "700",
            },
            {
              "fontSize": 18,
              "lineHeight": 28,
            },
            {
              "color": "#fff",
            },
            {
              "textAlign": "center",
            },
            {
              "color": "#fff",
            },
          ]
        }
      >
        Spin The Wheel
      </Text>
    </View>
  </View>
  <View
    style={
      [
        {
          "display": "flex",
        },
        {
          "alignItems": "center",
        },
        {
          "marginTop": 24,
        },
        {
          "paddingBottom": 12,
          "paddingLeft": 12,
          "paddingRight": 12,
          "paddingTop": 12,
        },
        {
          "width": "100%",
        },
      ]
    }
  >
    <View
      accessibilityState={
        {
          "busy": undefined,
          "checked": undefined,
          "disabled": undefined,
          "expanded": undefined,
          "selected": undefined,
        }
      }
      accessibilityValue={
        {
          "max": undefined,
          "min": undefined,
          "now": undefined,
          "text": undefined,
        }
      }
      accessible={true}
      collapsable={false}
      focusable={true}
      onClick={[Function]}
      onResponderGrant={[Function]}
      onResponderMove={[Function]}
      onResponderRelease={[Function]}
      onResponderTerminate={[Function]}
      onResponderTerminationRequest={[Function]}
      onStartShouldSetResponder={[Function]}
      style={
        {
          "alignItems": "center",
          "backgroundColor": "#374151",
          "borderBottomLeftRadius": 9999,
          "borderBottomRightRadius": 9999,
          "borderBottomWidth": 2,
          "borderLeftWidth": 2,
          "borderRightWidth": 2,
          "borderTopLeftRadius": 9999,
          "borderTopRightRadius": 9999,
          "borderTopWidth": 2,
          "display": "flex",
          "opacity": 1,
          "paddingBottom": 12,
          "paddingLeft": 12,
          "paddingRight": 12,
          "paddingTop": 12,
          "width": "50%",
        }
      }
    >
      <Text
        style={
          [
            {
              "fontWeight": "700",
            },
            {
              "fontSize": 18,
              "lineHeight": 28,
            },
            {
              "color": "#fff",
            },
            {
              "textAlign": "center",
            },
            {
              "color": "#fff",
            },
          ]
        }
      >
        Sign Out
      </Text>
    </View>
  </View>
</View>
`;
